src/App.tsx(3,39): error TS2307: Cannot find module '@/lib/auth' or its corresponding type declarations.
src/App.tsx(4,26): error TS2307: Cannot find module '@/components/layout/app-shell' or its corresponding type declarations.
src/App.tsx(5,27): error TS2307: Cannot find module '@/pages/login' or its corresponding type declarations.
src/App.tsx(6,30): error TS2307: Cannot find module '@/pages/register' or its corresponding type declarations.
src/App.tsx(7,31): error TS2307: Cannot find module '@/pages/dashboard' or its corresponding type declarations.
src/App.tsx(8,29): error TS2307: Cannot find module '@/pages/courses' or its corresponding type declarations.
src/App.tsx(9,30): error TS2307: Cannot find module '@/pages/students' or its corresponding type declarations.
src/App.tsx(10,35): error TS2307: Cannot find module '@/pages/student-detail' or its corresponding type declarations.
src/App.tsx(11,29): error TS2307: Cannot find module '@/pages/devices' or its corresponding type declarations.
src/App.tsx(12,30): error TS2307: Cannot find module '@/pages/settings' or its corresponding type declarations.
src/components/layout/app-shell.tsx(1,8): error TS2300: Duplicate identifier 'React'.
src/components/layout/app-shell.tsx(2,10): error TS2300: Duplicate identifier 'NavLink'.
src/components/layout/app-shell.tsx(2,19): error TS2300: Duplicate identifier 'Outlet'.
src/components/layout/app-shell.tsx(2,27): error TS2300: Duplicate identifier 'useNavigate'.
src/components/layout/app-shell.tsx(3,10): error TS2300: Duplicate identifier 'useAuth'.
src/components/layout/app-shell.tsx(3,25): error TS2307: Cannot find module '@/lib/auth' or its corresponding type declarations.
src/components/layout/app-shell.tsx(4,10): error TS2300: Duplicate identifier 'cn'.
src/components/layout/app-shell.tsx(4,20): error TS2307: Cannot find module '@/lib/utils' or its corresponding type declarations.
src/components/layout/app-shell.tsx(5,10): error TS2300: Duplicate identifier 'Button'.
src/components/layout/app-shell.tsx(5,24): error TS2307: Cannot find module '@/components/ui/button' or its corresponding type declarations.
src/components/layout/app-shell.tsx(6,10): error TS2300: Duplicate identifier 'Separator'.
src/components/layout/app-shell.tsx(6,27): error TS2307: Cannot find module '@/components/ui/separator' or its corresponding type declarations.
src/components/layout/app-shell.tsx(8,3): error TS2300: Duplicate identifier 'LayoutDashboard'.
src/components/layout/app-shell.tsx(9,3): error TS2300: Duplicate identifier 'GraduationCap'.
src/components/layout/app-shell.tsx(10,3): error TS2300: Duplicate identifier 'Users'.
src/components/layout/app-shell.tsx(11,3): error TS2300: Duplicate identifier 'Fingerprint'.
src/components/layout/app-shell.tsx(12,3): error TS2300: Duplicate identifier 'Cpu'.
src/components/layout/app-shell.tsx(13,3): error TS2300: Duplicate identifier 'Settings'.
src/components/layout/app-shell.tsx(14,3): error TS2300: Duplicate identifier 'LogOut'.
src/components/layout/app-shell.tsx(17,7): error TS2451: Cannot redeclare block-scoped variable 'navItems'.
src/components/layout/app-shell.tsx(25,10): error TS2393: Duplicate function implementation.
src/components/layout/app-shell.tsx(64,10): error TS2393: Duplicate function implementation.
src/components/layout/app-shell.tsx(106,17): error TS2323: Cannot redeclare exported variable 'AppShell'.
src/components/layout/app-shell.tsx(106,17): error TS2393: Duplicate function implementation.
src/components/layout/app-shell.tsx(120,8): error TS2300: Duplicate identifier 'React'.
src/components/layout/app-shell.tsx(121,10): error TS2300: Duplicate identifier 'NavLink'.
src/components/layout/app-shell.tsx(121,19): error TS2300: Duplicate identifier 'Outlet'.
src/components/layout/app-shell.tsx(121,27): error TS2300: Duplicate identifier 'useNavigate'.
src/components/layout/app-shell.tsx(122,10): error TS2300: Duplicate identifier 'useAuth'.
src/components/layout/app-shell.tsx(122,25): error TS2307: Cannot find module '@/lib/auth' or its corresponding type declarations.
src/components/layout/app-shell.tsx(123,10): error TS2300: Duplicate identifier 'cn'.
src/components/layout/app-shell.tsx(123,20): error TS2307: Cannot find module '@/lib/utils' or its corresponding type declarations.
src/components/layout/app-shell.tsx(124,10): error TS2300: Duplicate identifier 'Button'.
src/components/layout/app-shell.tsx(124,24): error TS2307: Cannot find module '@/components/ui/button' or its corresponding type declarations.
src/components/layout/app-shell.tsx(125,10): error TS2300: Duplicate identifier 'Separator'.
src/components/layout/app-shell.tsx(125,27): error TS2307: Cannot find module '@/components/ui/separator' or its corresponding type declarations.
src/components/layout/app-shell.tsx(127,3): error TS2300: Duplicate identifier 'LayoutDashboard'.
src/components/layout/app-shell.tsx(128,3): error TS2300: Duplicate identifier 'GraduationCap'.
src/components/layout/app-shell.tsx(129,3): error TS2300: Duplicate identifier 'Users'.
src/components/layout/app-shell.tsx(130,3): error TS2300: Duplicate identifier 'Fingerprint'.
src/components/layout/app-shell.tsx(131,3): error TS2300: Duplicate identifier 'Cpu'.
src/components/layout/app-shell.tsx(132,3): error TS2300: Duplicate identifier 'Settings'.
src/components/layout/app-shell.tsx(133,3): error TS2300: Duplicate identifier 'LogOut'.
src/components/layout/app-shell.tsx(136,7): error TS2451: Cannot redeclare block-scoped variable 'navItems'.
src/components/layout/app-shell.tsx(144,10): error TS2393: Duplicate function implementation.
src/components/layout/app-shell.tsx(183,10): error TS2393: Duplicate function implementation.
src/components/layout/app-shell.tsx(225,17): error TS2323: Cannot redeclare exported variable 'AppShell'.
src/components/layout/app-shell.tsx(225,17): error TS2393: Duplicate function implementation.
src/components/ui/badge.tsx(3,20): error TS2307: Cannot find module '@/lib/utils' or its corresponding type declarations.
src/components/ui/button.tsx(4,20): error TS2307: Cannot find module '@/lib/utils' or its corresponding type declarations.
src/components/ui/card.tsx(2,20): error TS2307: Cannot find module '@/lib/utils' or its corresponding type declarations.
src/components/ui/input.tsx(2,20): error TS2307: Cannot find module '@/lib/utils' or its corresponding type declarations.
src/components/ui/label.tsx(3,20): error TS2307: Cannot find module '@/lib/utils' or its corresponding type declarations.
src/components/ui/separator.tsx(3,20): error TS2307: Cannot find module '@/lib/utils' or its corresponding type declarations.
src/lib/auth.tsx(2,46): error TS2307: Cannot find module '@/lib/api' or its corresponding type declarations.
src/pages/courses.tsx(2,39): error TS2307: Cannot find module '@/lib/api' or its corresponding type declarations.
src/pages/courses.tsx(3,75): error TS2307: Cannot find module '@/components/ui/card' or its corresponding type declarations.
src/pages/courses.tsx(4,23): error TS2307: Cannot find module '@/components/ui/badge' or its corresponding type declarations.
src/pages/courses.tsx(5,24): error TS2307: Cannot find module '@/components/ui/button' or its corresponding type declarations.
src/pages/courses.tsx(22,13): error TS18046: 'err' is of type 'unknown'.
src/pages/dashboard.tsx(2,25): error TS2307: Cannot find module '@/lib/auth' or its corresponding type declarations.
src/pages/dashboard.tsx(3,21): error TS2307: Cannot find module '@/lib/api' or its corresponding type declarations.
src/pages/dashboard.tsx(4,75): error TS2307: Cannot find module '@/components/ui/card' or its corresponding type declarations.
src/pages/dashboard.tsx(5,23): error TS2307: Cannot find module '@/components/ui/badge' or its corresponding type declarations.
src/pages/dashboard.tsx(6,24): error TS2307: Cannot find module '@/components/ui/button' or its corresponding type declarations.
src/pages/dashboard.tsx(7,28): error TS2307: Cannot find module '@/lib/format' or its corresponding type declarations.
src/pages/devices.tsx(2,31): error TS2307: Cannot find module '@/lib/api' or its corresponding type declarations.
src/pages/devices.tsx(3,75): error TS2307: Cannot find module '@/components/ui/card' or its corresponding type declarations.
src/pages/devices.tsx(4,23): error TS2307: Cannot find module '@/components/ui/badge' or its corresponding type declarations.
src/pages/devices.tsx(5,24): error TS2307: Cannot find module '@/components/ui/button' or its corresponding type declarations.
src/pages/devices.tsx(6,32): error TS2307: Cannot find module '@/lib/format' or its corresponding type declarations.
src/pages/devices.tsx(36,13): error TS18046: 'err' is of type 'unknown'.
src/pages/login.tsx(3,31): error TS2307: Cannot find module '@/lib/api' or its corresponding type declarations.
src/pages/login.tsx(4,25): error TS2307: Cannot find module '@/lib/auth' or its corresponding type declarations.
src/pages/login.tsx(5,24): error TS2307: Cannot find module '@/components/ui/button' or its corresponding type declarations.
src/pages/login.tsx(6,23): error TS2307: Cannot find module '@/components/ui/input' or its corresponding type declarations.
src/pages/login.tsx(7,23): error TS2307: Cannot find module '@/components/ui/label' or its corresponding type declarations.
src/pages/login.tsx(8,87): error TS2307: Cannot find module '@/components/ui/card' or its corresponding type declarations.
src/pages/login.tsx(31,36): error TS18046: 'err' is of type 'unknown'.
src/pages/login.tsx(74,30): error TS7006: Parameter 'e' implicitly has an 'any' type.
src/pages/login.tsx(85,30): error TS7006: Parameter 'e' implicitly has an 'any' type.
src/pages/register.tsx(3,41): error TS2307: Cannot find module '@/lib/api' or its corresponding type declarations.
src/pages/register.tsx(4,25): error TS2307: Cannot find module '@/lib/auth' or its corresponding type declarations.
src/pages/register.tsx(5,24): error TS2307: Cannot find module '@/components/ui/button' or its corresponding type declarations.
src/pages/register.tsx(6,23): error TS2307: Cannot find module '@/components/ui/input' or its corresponding type declarations.
src/pages/register.tsx(7,23): error TS2307: Cannot find module '@/components/ui/label' or its corresponding type declarations.
src/pages/register.tsx(8,87): error TS2307: Cannot find module '@/components/ui/card' or its corresponding type declarations.
src/pages/register.tsx(31,36): error TS18046: 'err' is of type 'unknown'.
src/pages/register.tsx(70,30): error TS7006: Parameter 'e' implicitly has an 'any' type.
src/pages/register.tsx(82,30): error TS7006: Parameter 'e' implicitly has an 'any' type.
src/pages/register.tsx(93,30): error TS7006: Parameter 'e' implicitly has an 'any' type.
src/pages/settings.tsx(2,75): error TS2307: Cannot find module '@/components/ui/card' or its corresponding type declarations.
src/pages/settings.tsx(3,24): error TS2307: Cannot find module '@/components/ui/button' or its corresponding type declarations.
src/pages/settings.tsx(4,23): error TS2307: Cannot find module '@/components/ui/input' or its corresponding type declarations.
src/pages/settings.tsx(5,23): error TS2307: Cannot find module '@/components/ui/label' or its corresponding type declarations.
src/pages/settings.tsx(35,28): error TS7006: Parameter 'e' implicitly has an 'any' type.
src/pages/student-detail.tsx(3,53): error TS2307: Cannot find module '@/lib/api' or its corresponding type declarations.
src/pages/student-detail.tsx(4,75): error TS2307: Cannot find module '@/components/ui/card' or its corresponding type declarations.
src/pages/student-detail.tsx(5,23): error TS2307: Cannot find module '@/components/ui/badge' or its corresponding type declarations.
src/pages/student-detail.tsx(6,24): error TS2307: Cannot find module '@/components/ui/button' or its corresponding type declarations.
src/pages/student-detail.tsx(7,32): error TS2307: Cannot find module '@/lib/format' or its corresponding type declarations.
src/pages/student-detail.tsx(31,13): error TS18046: 'err' is of type 'unknown'.
src/pages/students.tsx(3,40): error TS2307: Cannot find module '@/lib/api' or its corresponding type declarations.
src/pages/students.tsx(4,75): error TS2307: Cannot find module '@/components/ui/card' or its corresponding type declarations.
src/pages/students.tsx(5,23): error TS2307: Cannot find module '@/components/ui/badge' or its corresponding type declarations.
src/pages/students.tsx(6,24): error TS2307: Cannot find module '@/components/ui/button' or its corresponding type declarations.
src/pages/students.tsx(23,13): error TS18046: 'err' is of type 'unknown'.
